Relatório de Testes MC/DC
==============================

Decisão: if a and b or (c and d)
Condições: a, b, c, d

Casos de Teste MC/DC:
--------------------
Teste 1: a=False | b=True  | c=True  | d=False | Resultado: False
Teste 2: a=True  | b=False | c=False | d=True  | Resultado: False
Teste 3: a=True  | b=False | c=True  | d=False | Resultado: False
Teste 4: a=True  | b=False | c=True  | d=True  | Resultado: True
Teste 5: a=True  | b=True  | c=True  | d=False | Resultado: True

==============================
